1024+0 records in
1024+0 records out
1073741824 bytes transferred in 2.071620 secs (518310226 bytes/sec)
