Time elapsed for 100 iterations: 135.999s
198.926 GFLOP/s
Check value: 1.48311e+20
