{
	"start":	{
		"connected":	[{
				"socket":	5,
				"local_host":	"128.178.97.236",
				"local_port":	46108,
				"remote_host":	"128.179.128.239",
				"remote_port":	5201
			}],
		"version":	"iperf 3.2",
		"system_info":	"Linux bluebrain324 4.10.0-32-generic #36~16.04.1-Ubuntu SMP Wed Aug 9 09:19:02 UTC 2017 x86_64",
		"timestamp":	{
			"time":	"Fri, 15 Sep 2017 08:47:19 GMT",
			"timesecs":	1505465239
		},
		"connecting_to":	{
			"host":	"bluebrain326",
			"port":	5201
		},
		"cookie":	"qx4rahpbrpqmxe6z6dmy57w7qwpl6ooqziuf",
		"tcp_mss_default":	1238,
		"sock_bufsize":	0,
		"sndbuf_actual":	16384,
		"rcvbuf_actual":	87380,
		"test_start":	{
			"protocol":	"TCP",
			"num_streams":	1,
			"blksize":	131072,
			"omit":	0,
			"duration":	10,
			"bytes":	0,
			"blocks":	0,
			"reverse":	0,
			"tos":	0
		}
	},
	"intervals":	[{
			"streams":	[{
					"socket":	5,
					"start":	0,
					"end":	1.0001230239868164,
					"seconds":	1.0001230239868164,
					"bytes":	14748294,
					"bits_per_second":	117971838.63407917,
					"retransmits":	0,
					"snd_cwnd":	680900,
					"rtt":	37713,
					"rttvar":	933,
					"pmtu":	1500,
					"omitted":	false
				}],
			"sum":	{
				"start":	0,
				"end":	1.0001230239868164,
				"seconds":	1.0001230239868164,
				"bytes":	14748294,
				"bits_per_second":	117971838.63407917,
				"retransmits":	0,
				"omitted":	false
			}
		}, {
			"streams":	[{
					"socket":	5,
					"start":	1.0001230239868164,
					"end":	2.0002560615539551,
					"seconds":	1.0001330375671387,
					"bytes":	14706152,
					"bits_per_second":	117633566.3165234,
					"retransmits":	0,
					"snd_cwnd":	1049824,
					"rtt":	70086,
					"rttvar":	2282,
					"pmtu":	1500,
					"omitted":	false
				}],
			"sum":	{
				"start":	1.0001230239868164,
				"end":	2.0002560615539551,
				"seconds":	1.0001330375671387,
				"bytes":	14706152,
				"bits_per_second":	117633566.3165234,
				"retransmits":	0,
				"omitted":	false
			}
		}, {
			"streams":	[{
					"socket":	5,
					"start":	2.0002560615539551,
					"end":	3.000136137008667,
					"seconds":	0.99988007545471191,
					"bytes":	15718192,
					"bits_per_second":	125760617.784903,
					"retransmits":	0,
					"snd_cwnd":	1049824,
					"rtt":	65167,
					"rttvar":	2235,
					"pmtu":	1500,
					"omitted":	false
				}],
			"sum":	{
				"start":	2.0002560615539551,
				"end":	3.000136137008667,
				"seconds":	0.99988007545471191,
				"bytes":	15718192,
				"bits_per_second":	125760617.784903,
				"retransmits":	0,
				"omitted":	false
			}
		}, {
			"streams":	[{
					"socket":	5,
					"start":	3.000136137008667,
					"end":	4.0001180171966553,
					"seconds":	0.99998188018798828,
					"bytes":	14417920,
					"bits_per_second":	115345450.03787109,
					"retransmits":	0,
					"snd_cwnd":	1049824,
					"rtt":	87167,
					"rttvar":	3630,
					"pmtu":	1500,
					"omitted":	false
				}],
			"sum":	{
				"start":	3.000136137008667,
				"end":	4.0001180171966553,
				"seconds":	0.99998188018798828,
				"bytes":	14417920,
				"bits_per_second":	115345450.03787109,
				"retransmits":	0,
				"omitted":	false
			}
		}, {
			"streams":	[{
					"socket":	5,
					"start":	4.0001180171966553,
					"end":	5.0000879764556885,
					"seconds":	0.9999699592590332,
					"bytes":	13096136,
					"bits_per_second":	104772235.43558523,
					"retransmits":	0,
					"snd_cwnd":	1049824,
					"rtt":	84216,
					"rttvar":	1955,
					"pmtu":	1500,
					"omitted":	false
				}],
			"sum":	{
				"start":	4.0001180171966553,
				"end":	5.0000879764556885,
				"seconds":	0.9999699592590332,
				"bytes":	13096136,
				"bits_per_second":	104772235.43558523,
				"retransmits":	0,
				"omitted":	false
			}
		}, {
			"streams":	[{
					"socket":	5,
					"start":	5.0000879764556885,
					"end":	6.0001389980316162,
					"seconds":	1.0000510215759277,
					"bytes":	14407472,
					"bits_per_second":	115253895.56461649,
					"retransmits":	0,
					"snd_cwnd":	1049824,
					"rtt":	72922,
					"rttvar":	4157,
					"pmtu":	1500,
					"omitted":	false
				}],
			"sum":	{
				"start":	5.0000879764556885,
				"end":	6.0001389980316162,
				"seconds":	1.0000510215759277,
				"bytes":	14407472,
				"bits_per_second":	115253895.56461649,
				"retransmits":	0,
				"omitted":	false
			}
		}, {
			"streams":	[{
					"socket":	5,
					"start":	6.0001389980316162,
					"end":	7.0000879764556885,
					"seconds":	0.99994897842407227,
					"bytes":	14417920,
					"bits_per_second":	115349245.30027729,
					"retransmits":	0,
					"snd_cwnd":	1049824,
					"rtt":	76958,
					"rttvar":	2074,
					"pmtu":	1500,
					"omitted":	false
				}],
			"sum":	{
				"start":	6.0001389980316162,
				"end":	7.0000879764556885,
				"seconds":	0.99994897842407227,
				"bytes":	14417920,
				"bits_per_second":	115349245.30027729,
				"retransmits":	0,
				"omitted":	false
			}
		}, {
			"streams":	[{
					"socket":	5,
					"start":	7.0000879764556885,
					"end":	8.0001161098480225,
					"seconds":	1.000028133392334,
					"bytes":	14399328,
					"bits_per_second":	115191383.27562082,
					"retransmits":	0,
					"snd_cwnd":	1049824,
					"rtt":	78821,
					"rttvar":	2617,
					"pmtu":	1500,
					"omitted":	false
				}],
			"sum":	{
				"start":	7.0000879764556885,
				"end":	8.0001161098480225,
				"seconds":	1.000028133392334,
				"bytes":	14399328,
				"bits_per_second":	115191383.27562082,
				"retransmits":	0,
				"omitted":	false
			}
		}, {
			"streams":	[{
					"socket":	5,
					"start":	8.0001161098480225,
					"end":	9.00011396408081,
					"seconds":	0.99999785423278809,
					"bytes":	14415000,
					"bits_per_second":	115320247.45040585,
					"retransmits":	0,
					"snd_cwnd":	1049824,
					"rtt":	67677,
					"rttvar":	3898,
					"pmtu":	1500,
					"omitted":	false
				}],
			"sum":	{
				"start":	8.0001161098480225,
				"end":	9.00011396408081,
				"seconds":	0.99999785423278809,
				"bytes":	14415000,
				"bits_per_second":	115320247.45040585,
				"retransmits":	0,
				"omitted":	false
			}
		}, {
			"streams":	[{
					"socket":	5,
					"start":	9.00011396408081,
					"end":	10.000144958496094,
					"seconds":	1.0000309944152832,
					"bytes":	14417920,
					"bits_per_second":	115339785.11080161,
					"retransmits":	0,
					"snd_cwnd":	1049824,
					"rtt":	65532,
					"rttvar":	460,
					"pmtu":	1500,
					"omitted":	false
				}],
			"sum":	{
				"start":	9.00011396408081,
				"end":	10.000144958496094,
				"seconds":	1.0000309944152832,
				"bytes":	14417920,
				"bits_per_second":	115339785.11080161,
				"retransmits":	0,
				"omitted":	false
			}
		}],
	"end":	{
		"streams":	[{
				"sender":	{
					"socket":	5,
					"start":	0,
					"end":	10.000144958496094,
					"seconds":	10.000144958496094,
					"bytes":	144744334,
					"bits_per_second":	115793788.67065373,
					"retransmits":	0,
					"max_snd_cwnd":	1049824,
					"max_rtt":	87167,
					"min_rtt":	37713,
					"mean_rtt":	70625
				},
				"receiver":	{
					"socket":	5,
					"start":	0,
					"end":	10.079063892364502,
					"seconds":	10.000144958496094,
					"bytes":	142556938,
					"bits_per_second":	113150935.06490853
				}
			}],
		"sum_sent":	{
			"start":	0,
			"end":	10.000144958496094,
			"seconds":	10.000144958496094,
			"bytes":	144744334,
			"bits_per_second":	115793788.67065373,
			"retransmits":	42
		},
		"sum_received":	{
			"start":	0,
			"end":	10.079063892364502,
			"seconds":	10.079063892364502,
			"bytes":	142556938,
			"bits_per_second":	113150935.06490853
		},
		"cpu_utilization_percent":	{
			"host_total":	0.90712588823343809,
			"host_user":	0,
			"host_system":	0.91455165000028826,
			"remote_total":	7.3400027580587155,
			"remote_user":	0.73165130383810983,
			"remote_system":	6.6082617724714705
		},
		"sender_tcp_congestion":	"cubic"
	}
}
