-- started at 09/20/2017 10:31:02 --

mdtest-1.9.3 was launched with 1 total task(s) on 1 node(s)
Command line used: /nix/store/1lzzyla7r10f6jdaf0h9mj8k4rcy55s3-mdtest/bin/mdtest -n 100000 -i 3
Path: /home/tcarel/Desktop
FS: 411.3 GiB   Used FS: 16.6%   Inodes: 26.1 Mi   Used Inodes: 2.1%

1 tasks, 100000 files/directories

SUMMARY: (of 3 iterations)
   Operation                      Max            Min           Mean        Std Dev
   ---------                      ---            ---           ----        -------
   Directory creation:      34007.259      27696.680      30427.408       2645.324
   Directory stat    :    1006125.068     998097.232    1001892.446       3291.912
   Directory removal :     152233.725     128462.328     138105.155      10209.840
   File creation     :     133494.636     130104.228     132076.899       1438.675
   File stat         :     998033.108     990060.924     994007.140       3255.119
   File read         :     608366.537     603241.794     606460.822       2289.008
   File removal      :     272025.849     270554.002     271328.055        603.294
   Tree creation     :     127100.121      29127.111      87924.496      42335.468
   Tree removal      :         23.701         23.460         23.611          0.107

-- finished at 09/20/2017 10:31:18 --
