#------------------------------------------------------------
#    Intel (R) MPI Benchmarks 2017 update 2, MPI-1 part    
#------------------------------------------------------------
# Date                  : Wed Sep  6 14:32:36 2017
# Machine               : x86_64
# System                : Darwin
# Release               : 16.7.0
# Version               : Darwin Kernel Version 16.7.0: Thu Jun 15 17:36:27 PDT 2017; root:xnu-3789.70.16~2/RELEASE_X86_64
# MPI Version           : 3.1
# MPI Thread Environment: 


# Calling sequence was: 

# IMB-MPI1 Alltoallv

# Minimum message length in bytes:   0
# Maximum message length in bytes:   4194304
#
# MPI_Datatype                   :   MPI_BYTE 
# MPI_Datatype for reductions    :   MPI_FLOAT
# MPI_Op                         :   MPI_SUM  
#
#

# List of Benchmarks to run:

# Alltoallv

#----------------------------------------------------------------
# Benchmarking Alltoallv 
# #processes = 2 
#----------------------------------------------------------------
       #bytes #repetitions  t_min[usec]  t_max[usec]  t_avg[usec]
            0         1000         0.11         0.12         0.11
            1         1000         0.38         0.38         0.38
            2         1000         0.38         0.38         0.38
            4         1000         0.44         0.46         0.45
            8         1000         0.38         0.40         0.39
           16         1000         0.40         0.40         0.40
           32         1000         0.39         0.40         0.39
           64         1000         0.42         0.43         0.43
          128         1000         0.69         0.69         0.69
          256         1000         0.48         0.48         0.48
          512         1000         0.56         0.57         0.57
         1024         1000         0.80         0.84         0.82
         2048         1000         0.99         0.99         0.99
         4096         1000         1.98         1.99         1.99
         8192         1000         3.92         4.04         3.98
        16384         1000         6.93         6.93         6.93
        32768         1000         8.48         8.48         8.48
        65536          640        20.05        20.06        20.06
       131072          320        47.87        48.03        47.95
       262144          160        97.35        97.44        97.40
       524288           80       384.41       384.71       384.56
      1048576           40       821.73       822.79       822.26
      2097152           20      1580.64      1580.68      1580.66
      4194304           10      3123.90      3124.19      3124.05


# All processes entering MPI_Finalize

