fs_local mkdir OK
fs_local cd OK
fs_local touch OK
fs_local find OK
fs_local write OK
fs_local grep OK
fs_local mv OK
fs_local cp OK
fs_local rm OK
fs_network mkdir OK
fs_network cd OK
fs_network touch OK
fs_network find OK
fs_network write OK
fs_network grep OK
fs_network mv OK
fs_network cp OK
fs_network rm OK
outside_network ping OK
outside_network wget OK
hello_world compilation OK
hello_world execution KO
