sysbench 0.4.12:  multi-threaded system evaluation benchmark

Running the test with following options:
Number of threads: 4

Doing CPU performance benchmark

Threads started!
Done.

Maximum prime number checked in CPU test: 1000


Test execution summary:
    total time:                          0.0876s
    total number of events:              10000
    total time taken by event execution: 0.3378
    per-request statistics:
         min:                                  0.03ms
         avg:                                  0.03ms
         max:                                  0.19ms
         approx.  95 percentile:               0.04ms

Threads fairness:
    events (avg/stddev):           2500.0000/15.25
    execution time (avg/stddev):   0.0844/0.00

