# OSU MPI Allgather Latency Test v5.3.2
# Size       Avg Latency(us)
64                      8.64
128                     1.31
256                     1.58
512                     1.71
1024                    1.98
