[CUDA Bandwidth Test] - Starting...
Running on...

 Device 1: Tesla K20m
 Shmoo Mode

.................................................................................
bandwidthTest-H2D-Pinned, Bandwidth = 382.1 MB/s, Time = 0.00000 s, Size = 1024 bytes, NumDevsUsed = 1
bandwidthTest-H2D-Pinned, Bandwidth = 722.8 MB/s, Time = 0.00000 s, Size = 2048 bytes, NumDevsUsed = 1
bandwidthTest-H2D-Pinned, Bandwidth = 1009.1 MB/s, Time = 0.00000 s, Size = 3072 bytes, NumDevsUsed = 1
bandwidthTest-H2D-Pinned, Bandwidth = 1293.9 MB/s, Time = 0.00000 s, Size = 4096 bytes, NumDevsUsed = 1
bandwidthTest-H2D-Pinned, Bandwidth = 1535.0 MB/s, Time = 0.00000 s, Size = 5120 bytes, NumDevsUsed = 1
bandwidthTest-H2D-Pinned, Bandwidth = 1760.4 MB/s, Time = 0.00000 s, Size = 6144 bytes, NumDevsUsed = 1
bandwidthTest-H2D-Pinned, Bandwidth = 1956.1 MB/s, Time = 0.00000 s, Size = 7168 bytes, NumDevsUsed = 1
bandwidthTest-H2D-Pinned, Bandwidth = 2142.8 MB/s, Time = 0.00000 s, Size = 8192 bytes, NumDevsUsed = 1
bandwidthTest-H2D-Pinned, Bandwidth = 2287.7 MB/s, Time = 0.00000 s, Size = 9216 bytes, NumDevsUsed = 1
bandwidthTest-H2D-Pinned, Bandwidth = 2477.8 MB/s, Time = 0.00000 s, Size = 10240 bytes, NumDevsUsed = 1
bandwidthTest-H2D-Pinned, Bandwidth = 2621.2 MB/s, Time = 0.00000 s, Size = 11264 bytes, NumDevsUsed = 1
bandwidthTest-H2D-Pinned, Bandwidth = 2754.3 MB/s, Time = 0.00000 s, Size = 12288 bytes, NumDevsUsed = 1
bandwidthTest-H2D-Pinned, Bandwidth = 2878.3 MB/s, Time = 0.00000 s, Size = 13312 bytes, NumDevsUsed = 1
bandwidthTest-H2D-Pinned, Bandwidth = 2987.0 MB/s, Time = 0.00000 s, Size = 14336 bytes, NumDevsUsed = 1
bandwidthTest-H2D-Pinned, Bandwidth = 3098.8 MB/s, Time = 0.00000 s, Size = 15360 bytes, NumDevsUsed = 1
bandwidthTest-H2D-Pinned, Bandwidth = 3191.8 MB/s, Time = 0.00000 s, Size = 16384 bytes, NumDevsUsed = 1
bandwidthTest-H2D-Pinned, Bandwidth = 3292.3 MB/s, Time = 0.00001 s, Size = 17408 bytes, NumDevsUsed = 1
bandwidthTest-H2D-Pinned, Bandwidth = 3363.6 MB/s, Time = 0.00001 s, Size = 18432 bytes, NumDevsUsed = 1
bandwidthTest-H2D-Pinned, Bandwidth = 3459.7 MB/s, Time = 0.00001 s, Size = 19456 bytes, NumDevsUsed = 1
bandwidthTest-H2D-Pinned, Bandwidth = 3528.5 MB/s, Time = 0.00001 s, Size = 20480 bytes, NumDevsUsed = 1
bandwidthTest-H2D-Pinned, Bandwidth = 3672.2 MB/s, Time = 0.00001 s, Size = 22528 bytes, NumDevsUsed = 1
bandwidthTest-H2D-Pinned, Bandwidth = 3806.9 MB/s, Time = 0.00001 s, Size = 24576 bytes, NumDevsUsed = 1
bandwidthTest-H2D-Pinned, Bandwidth = 3917.6 MB/s, Time = 0.00001 s, Size = 26624 bytes, NumDevsUsed = 1
bandwidthTest-H2D-Pinned, Bandwidth = 4013.6 MB/s, Time = 0.00001 s, Size = 28672 bytes, NumDevsUsed = 1
bandwidthTest-H2D-Pinned, Bandwidth = 4112.0 MB/s, Time = 0.00001 s, Size = 30720 bytes, NumDevsUsed = 1
bandwidthTest-H2D-Pinned, Bandwidth = 4205.2 MB/s, Time = 0.00001 s, Size = 32768 bytes, NumDevsUsed = 1
bandwidthTest-H2D-Pinned, Bandwidth = 4284.1 MB/s, Time = 0.00001 s, Size = 34816 bytes, NumDevsUsed = 1
bandwidthTest-H2D-Pinned, Bandwidth = 4356.1 MB/s, Time = 0.00001 s, Size = 36864 bytes, NumDevsUsed = 1
bandwidthTest-H2D-Pinned, Bandwidth = 4417.9 MB/s, Time = 0.00001 s, Size = 38912 bytes, NumDevsUsed = 1
bandwidthTest-H2D-Pinned, Bandwidth = 4490.3 MB/s, Time = 0.00001 s, Size = 40960 bytes, NumDevsUsed = 1
bandwidthTest-H2D-Pinned, Bandwidth = 4457.5 MB/s, Time = 0.00001 s, Size = 43008 bytes, NumDevsUsed = 1
bandwidthTest-H2D-Pinned, Bandwidth = 4593.4 MB/s, Time = 0.00001 s, Size = 45056 bytes, NumDevsUsed = 1
bandwidthTest-H2D-Pinned, Bandwidth = 4573.4 MB/s, Time = 0.00001 s, Size = 47104 bytes, NumDevsUsed = 1
bandwidthTest-H2D-Pinned, Bandwidth = 4690.9 MB/s, Time = 0.00001 s, Size = 49152 bytes, NumDevsUsed = 1
bandwidthTest-H2D-Pinned, Bandwidth = 4677.6 MB/s, Time = 0.00001 s, Size = 51200 bytes, NumDevsUsed = 1
bandwidthTest-H2D-Pinned, Bandwidth = 4799.8 MB/s, Time = 0.00001 s, Size = 61440 bytes, NumDevsUsed = 1
bandwidthTest-H2D-Pinned, Bandwidth = 5074.6 MB/s, Time = 0.00001 s, Size = 71680 bytes, NumDevsUsed = 1
bandwidthTest-H2D-Pinned, Bandwidth = 5185.9 MB/s, Time = 0.00002 s, Size = 81920 bytes, NumDevsUsed = 1
bandwidthTest-H2D-Pinned, Bandwidth = 5227.4 MB/s, Time = 0.00002 s, Size = 92160 bytes, NumDevsUsed = 1
bandwidthTest-H2D-Pinned, Bandwidth = 5358.8 MB/s, Time = 0.00002 s, Size = 102400 bytes, NumDevsUsed = 1
bandwidthTest-H2D-Pinned, Bandwidth = 5719.9 MB/s, Time = 0.00003 s, Size = 204800 bytes, NumDevsUsed = 1
bandwidthTest-H2D-Pinned, Bandwidth = 5857.7 MB/s, Time = 0.00005 s, Size = 307200 bytes, NumDevsUsed = 1
bandwidthTest-H2D-Pinned, Bandwidth = 5923.5 MB/s, Time = 0.00007 s, Size = 409600 bytes, NumDevsUsed = 1
bandwidthTest-H2D-Pinned, Bandwidth = 5964.1 MB/s, Time = 0.00008 s, Size = 512000 bytes, NumDevsUsed = 1
bandwidthTest-H2D-Pinned, Bandwidth = 5993.2 MB/s, Time = 0.00010 s, Size = 614400 bytes, NumDevsUsed = 1
bandwidthTest-H2D-Pinned, Bandwidth = 6004.7 MB/s, Time = 0.00011 s, Size = 716800 bytes, NumDevsUsed = 1
bandwidthTest-H2D-Pinned, Bandwidth = 6030.4 MB/s, Time = 0.00013 s, Size = 819200 bytes, NumDevsUsed = 1
bandwidthTest-H2D-Pinned, Bandwidth = 6041.7 MB/s, Time = 0.00015 s, Size = 921600 bytes, NumDevsUsed = 1
bandwidthTest-H2D-Pinned, Bandwidth = 6051.6 MB/s, Time = 0.00016 s, Size = 1024000 bytes, NumDevsUsed = 1
bandwidthTest-H2D-Pinned, Bandwidth = 6053.2 MB/s, Time = 0.00018 s, Size = 1126400 bytes, NumDevsUsed = 1
bandwidthTest-H2D-Pinned, Bandwidth = 6092.3 MB/s, Time = 0.00034 s, Size = 2174976 bytes, NumDevsUsed = 1
bandwidthTest-H2D-Pinned, Bandwidth = 6105.2 MB/s, Time = 0.00050 s, Size = 3223552 bytes, NumDevsUsed = 1
bandwidthTest-H2D-Pinned, Bandwidth = 6109.7 MB/s, Time = 0.00067 s, Size = 4272128 bytes, NumDevsUsed = 1
bandwidthTest-H2D-Pinned, Bandwidth = 6109.9 MB/s, Time = 0.00083 s, Size = 5320704 bytes, NumDevsUsed = 1
bandwidthTest-H2D-Pinned, Bandwidth = 6117.9 MB/s, Time = 0.00099 s, Size = 6369280 bytes, NumDevsUsed = 1
bandwidthTest-H2D-Pinned, Bandwidth = 5995.9 MB/s, Time = 0.00118 s, Size = 7417856 bytes, NumDevsUsed = 1
bandwidthTest-H2D-Pinned, Bandwidth = 6108.8 MB/s, Time = 0.00132 s, Size = 8466432 bytes, NumDevsUsed = 1
bandwidthTest-H2D-Pinned, Bandwidth = 6128.4 MB/s, Time = 0.00148 s, Size = 9515008 bytes, NumDevsUsed = 1
bandwidthTest-H2D-Pinned, Bandwidth = 6129.6 MB/s, Time = 0.00164 s, Size = 10563584 bytes, NumDevsUsed = 1
bandwidthTest-H2D-Pinned, Bandwidth = 6129.1 MB/s, Time = 0.00181 s, Size = 11612160 bytes, NumDevsUsed = 1
bandwidthTest-H2D-Pinned, Bandwidth = 6130.4 MB/s, Time = 0.00197 s, Size = 12660736 bytes, NumDevsUsed = 1
bandwidthTest-H2D-Pinned, Bandwidth = 6130.5 MB/s, Time = 0.00213 s, Size = 13709312 bytes, NumDevsUsed = 1
bandwidthTest-H2D-Pinned, Bandwidth = 6131.2 MB/s, Time = 0.00230 s, Size = 14757888 bytes, NumDevsUsed = 1
bandwidthTest-H2D-Pinned, Bandwidth = 6131.7 MB/s, Time = 0.00246 s, Size = 15806464 bytes, NumDevsUsed = 1
bandwidthTest-H2D-Pinned, Bandwidth = 6131.1 MB/s, Time = 0.00262 s, Size = 16855040 bytes, NumDevsUsed = 1
bandwidthTest-H2D-Pinned, Bandwidth = 6093.5 MB/s, Time = 0.00297 s, Size = 18952192 bytes, NumDevsUsed = 1
bandwidthTest-H2D-Pinned, Bandwidth = 6135.6 MB/s, Time = 0.00327 s, Size = 21049344 bytes, NumDevsUsed = 1
bandwidthTest-H2D-Pinned, Bandwidth = 6134.4 MB/s, Time = 0.00360 s, Size = 23146496 bytes, NumDevsUsed = 1
bandwidthTest-H2D-Pinned, Bandwidth = 6125.0 MB/s, Time = 0.00393 s, Size = 25243648 bytes, NumDevsUsed = 1
bandwidthTest-H2D-Pinned, Bandwidth = 6134.9 MB/s, Time = 0.00425 s, Size = 27340800 bytes, NumDevsUsed = 1
bandwidthTest-H2D-Pinned, Bandwidth = 6135.5 MB/s, Time = 0.00458 s, Size = 29437952 bytes, NumDevsUsed = 1
bandwidthTest-H2D-Pinned, Bandwidth = 6136.0 MB/s, Time = 0.00490 s, Size = 31535104 bytes, NumDevsUsed = 1
bandwidthTest-H2D-Pinned, Bandwidth = 6124.6 MB/s, Time = 0.00524 s, Size = 33632256 bytes, NumDevsUsed = 1
bandwidthTest-H2D-Pinned, Bandwidth = 6130.5 MB/s, Time = 0.00588 s, Size = 37826560 bytes, NumDevsUsed = 1
bandwidthTest-H2D-Pinned, Bandwidth = 6131.6 MB/s, Time = 0.00654 s, Size = 42020864 bytes, NumDevsUsed = 1
bandwidthTest-H2D-Pinned, Bandwidth = 6121.5 MB/s, Time = 0.00720 s, Size = 46215168 bytes, NumDevsUsed = 1
bandwidthTest-H2D-Pinned, Bandwidth = 6122.4 MB/s, Time = 0.00785 s, Size = 50409472 bytes, NumDevsUsed = 1
bandwidthTest-H2D-Pinned, Bandwidth = 6133.4 MB/s, Time = 0.00849 s, Size = 54603776 bytes, NumDevsUsed = 1
bandwidthTest-H2D-Pinned, Bandwidth = 6130.4 MB/s, Time = 0.00915 s, Size = 58798080 bytes, NumDevsUsed = 1
bandwidthTest-H2D-Pinned, Bandwidth = 6139.4 MB/s, Time = 0.00979 s, Size = 62992384 bytes, NumDevsUsed = 1
bandwidthTest-H2D-Pinned, Bandwidth = 6134.1 MB/s, Time = 0.01045 s, Size = 67186688 bytes, NumDevsUsed = 1
.................................................................................
bandwidthTest-D2H-Pinned, Bandwidth = 439.6 MB/s, Time = 0.00000 s, Size = 1024 bytes, NumDevsUsed = 1
bandwidthTest-D2H-Pinned, Bandwidth = 856.3 MB/s, Time = 0.00000 s, Size = 2048 bytes, NumDevsUsed = 1
bandwidthTest-D2H-Pinned, Bandwidth = 1239.3 MB/s, Time = 0.00000 s, Size = 3072 bytes, NumDevsUsed = 1
bandwidthTest-D2H-Pinned, Bandwidth = 1557.1 MB/s, Time = 0.00000 s, Size = 4096 bytes, NumDevsUsed = 1
bandwidthTest-D2H-Pinned, Bandwidth = 1835.4 MB/s, Time = 0.00000 s, Size = 5120 bytes, NumDevsUsed = 1
bandwidthTest-D2H-Pinned, Bandwidth = 2095.2 MB/s, Time = 0.00000 s, Size = 6144 bytes, NumDevsUsed = 1
bandwidthTest-D2H-Pinned, Bandwidth = 2317.5 MB/s, Time = 0.00000 s, Size = 7168 bytes, NumDevsUsed = 1
bandwidthTest-D2H-Pinned, Bandwidth = 2509.3 MB/s, Time = 0.00000 s, Size = 8192 bytes, NumDevsUsed = 1
bandwidthTest-D2H-Pinned, Bandwidth = 2704.8 MB/s, Time = 0.00000 s, Size = 9216 bytes, NumDevsUsed = 1
bandwidthTest-D2H-Pinned, Bandwidth = 2870.4 MB/s, Time = 0.00000 s, Size = 10240 bytes, NumDevsUsed = 1
bandwidthTest-D2H-Pinned, Bandwidth = 3027.6 MB/s, Time = 0.00000 s, Size = 11264 bytes, NumDevsUsed = 1
bandwidthTest-D2H-Pinned, Bandwidth = 3173.7 MB/s, Time = 0.00000 s, Size = 12288 bytes, NumDevsUsed = 1
bandwidthTest-D2H-Pinned, Bandwidth = 3281.5 MB/s, Time = 0.00000 s, Size = 13312 bytes, NumDevsUsed = 1
bandwidthTest-D2H-Pinned, Bandwidth = 3416.1 MB/s, Time = 0.00000 s, Size = 14336 bytes, NumDevsUsed = 1
bandwidthTest-D2H-Pinned, Bandwidth = 3526.0 MB/s, Time = 0.00000 s, Size = 15360 bytes, NumDevsUsed = 1
bandwidthTest-D2H-Pinned, Bandwidth = 3631.6 MB/s, Time = 0.00000 s, Size = 16384 bytes, NumDevsUsed = 1
bandwidthTest-D2H-Pinned, Bandwidth = 3733.8 MB/s, Time = 0.00000 s, Size = 17408 bytes, NumDevsUsed = 1
bandwidthTest-D2H-Pinned, Bandwidth = 3799.9 MB/s, Time = 0.00000 s, Size = 18432 bytes, NumDevsUsed = 1
bandwidthTest-D2H-Pinned, Bandwidth = 3912.2 MB/s, Time = 0.00000 s, Size = 19456 bytes, NumDevsUsed = 1
bandwidthTest-D2H-Pinned, Bandwidth = 3990.6 MB/s, Time = 0.00000 s, Size = 20480 bytes, NumDevsUsed = 1
bandwidthTest-D2H-Pinned, Bandwidth = 4145.8 MB/s, Time = 0.00001 s, Size = 22528 bytes, NumDevsUsed = 1
bandwidthTest-D2H-Pinned, Bandwidth = 4273.0 MB/s, Time = 0.00001 s, Size = 24576 bytes, NumDevsUsed = 1
bandwidthTest-D2H-Pinned, Bandwidth = 4414.3 MB/s, Time = 0.00001 s, Size = 26624 bytes, NumDevsUsed = 1
bandwidthTest-D2H-Pinned, Bandwidth = 4495.9 MB/s, Time = 0.00001 s, Size = 28672 bytes, NumDevsUsed = 1
bandwidthTest-D2H-Pinned, Bandwidth = 4581.7 MB/s, Time = 0.00001 s, Size = 30720 bytes, NumDevsUsed = 1
bandwidthTest-D2H-Pinned, Bandwidth = 4661.1 MB/s, Time = 0.00001 s, Size = 32768 bytes, NumDevsUsed = 1
bandwidthTest-D2H-Pinned, Bandwidth = 4773.6 MB/s, Time = 0.00001 s, Size = 34816 bytes, NumDevsUsed = 1
bandwidthTest-D2H-Pinned, Bandwidth = 4847.0 MB/s, Time = 0.00001 s, Size = 36864 bytes, NumDevsUsed = 1
bandwidthTest-D2H-Pinned, Bandwidth = 4864.4 MB/s, Time = 0.00001 s, Size = 38912 bytes, NumDevsUsed = 1
bandwidthTest-D2H-Pinned, Bandwidth = 4982.5 MB/s, Time = 0.00001 s, Size = 40960 bytes, NumDevsUsed = 1
bandwidthTest-D2H-Pinned, Bandwidth = 5043.8 MB/s, Time = 0.00001 s, Size = 43008 bytes, NumDevsUsed = 1
bandwidthTest-D2H-Pinned, Bandwidth = 5088.6 MB/s, Time = 0.00001 s, Size = 45056 bytes, NumDevsUsed = 1
bandwidthTest-D2H-Pinned, Bandwidth = 5134.3 MB/s, Time = 0.00001 s, Size = 47104 bytes, NumDevsUsed = 1
bandwidthTest-D2H-Pinned, Bandwidth = 5179.9 MB/s, Time = 0.00001 s, Size = 49152 bytes, NumDevsUsed = 1
bandwidthTest-D2H-Pinned, Bandwidth = 5218.8 MB/s, Time = 0.00001 s, Size = 51200 bytes, NumDevsUsed = 1
bandwidthTest-D2H-Pinned, Bandwidth = 5406.6 MB/s, Time = 0.00001 s, Size = 61440 bytes, NumDevsUsed = 1
bandwidthTest-D2H-Pinned, Bandwidth = 5547.2 MB/s, Time = 0.00001 s, Size = 71680 bytes, NumDevsUsed = 1
bandwidthTest-D2H-Pinned, Bandwidth = 5659.8 MB/s, Time = 0.00001 s, Size = 81920 bytes, NumDevsUsed = 1
bandwidthTest-D2H-Pinned, Bandwidth = 5748.4 MB/s, Time = 0.00002 s, Size = 92160 bytes, NumDevsUsed = 1
bandwidthTest-D2H-Pinned, Bandwidth = 5812.5 MB/s, Time = 0.00002 s, Size = 102400 bytes, NumDevsUsed = 1
bandwidthTest-D2H-Pinned, Bandwidth = 6168.5 MB/s, Time = 0.00003 s, Size = 204800 bytes, NumDevsUsed = 1
bandwidthTest-D2H-Pinned, Bandwidth = 6291.0 MB/s, Time = 0.00005 s, Size = 307200 bytes, NumDevsUsed = 1
bandwidthTest-D2H-Pinned, Bandwidth = 6357.0 MB/s, Time = 0.00006 s, Size = 409600 bytes, NumDevsUsed = 1
bandwidthTest-D2H-Pinned, Bandwidth = 6389.7 MB/s, Time = 0.00008 s, Size = 512000 bytes, NumDevsUsed = 1
bandwidthTest-D2H-Pinned, Bandwidth = 6414.1 MB/s, Time = 0.00009 s, Size = 614400 bytes, NumDevsUsed = 1
bandwidthTest-D2H-Pinned, Bandwidth = 6436.1 MB/s, Time = 0.00011 s, Size = 716800 bytes, NumDevsUsed = 1
bandwidthTest-D2H-Pinned, Bandwidth = 6451.7 MB/s, Time = 0.00012 s, Size = 819200 bytes, NumDevsUsed = 1
bandwidthTest-D2H-Pinned, Bandwidth = 6419.6 MB/s, Time = 0.00014 s, Size = 921600 bytes, NumDevsUsed = 1
bandwidthTest-D2H-Pinned, Bandwidth = 6433.4 MB/s, Time = 0.00015 s, Size = 1024000 bytes, NumDevsUsed = 1
bandwidthTest-D2H-Pinned, Bandwidth = 6443.4 MB/s, Time = 0.00017 s, Size = 1126400 bytes, NumDevsUsed = 1
bandwidthTest-D2H-Pinned, Bandwidth = 6488.0 MB/s, Time = 0.00032 s, Size = 2174976 bytes, NumDevsUsed = 1
bandwidthTest-D2H-Pinned, Bandwidth = 6510.6 MB/s, Time = 0.00047 s, Size = 3223552 bytes, NumDevsUsed = 1
bandwidthTest-D2H-Pinned, Bandwidth = 6522.5 MB/s, Time = 0.00062 s, Size = 4272128 bytes, NumDevsUsed = 1
bandwidthTest-D2H-Pinned, Bandwidth = 6519.6 MB/s, Time = 0.00078 s, Size = 5320704 bytes, NumDevsUsed = 1
bandwidthTest-D2H-Pinned, Bandwidth = 6521.8 MB/s, Time = 0.00093 s, Size = 6369280 bytes, NumDevsUsed = 1
bandwidthTest-D2H-Pinned, Bandwidth = 6504.9 MB/s, Time = 0.00109 s, Size = 7417856 bytes, NumDevsUsed = 1
bandwidthTest-D2H-Pinned, Bandwidth = 6519.4 MB/s, Time = 0.00124 s, Size = 8466432 bytes, NumDevsUsed = 1
bandwidthTest-D2H-Pinned, Bandwidth = 6482.9 MB/s, Time = 0.00140 s, Size = 9515008 bytes, NumDevsUsed = 1
bandwidthTest-D2H-Pinned, Bandwidth = 6482.4 MB/s, Time = 0.00155 s, Size = 10563584 bytes, NumDevsUsed = 1
bandwidthTest-D2H-Pinned, Bandwidth = 6532.1 MB/s, Time = 0.00170 s, Size = 11612160 bytes, NumDevsUsed = 1
bandwidthTest-D2H-Pinned, Bandwidth = 6534.0 MB/s, Time = 0.00185 s, Size = 12660736 bytes, NumDevsUsed = 1
bandwidthTest-D2H-Pinned, Bandwidth = 6547.6 MB/s, Time = 0.00200 s, Size = 13709312 bytes, NumDevsUsed = 1
bandwidthTest-D2H-Pinned, Bandwidth = 6547.8 MB/s, Time = 0.00215 s, Size = 14757888 bytes, NumDevsUsed = 1
bandwidthTest-D2H-Pinned, Bandwidth = 6539.6 MB/s, Time = 0.00231 s, Size = 15806464 bytes, NumDevsUsed = 1
bandwidthTest-D2H-Pinned, Bandwidth = 6519.4 MB/s, Time = 0.00247 s, Size = 16855040 bytes, NumDevsUsed = 1
bandwidthTest-D2H-Pinned, Bandwidth = 6549.3 MB/s, Time = 0.00276 s, Size = 18952192 bytes, NumDevsUsed = 1
bandwidthTest-D2H-Pinned, Bandwidth = 6546.5 MB/s, Time = 0.00307 s, Size = 21049344 bytes, NumDevsUsed = 1
bandwidthTest-D2H-Pinned, Bandwidth = 6547.3 MB/s, Time = 0.00337 s, Size = 23146496 bytes, NumDevsUsed = 1
bandwidthTest-D2H-Pinned, Bandwidth = 6546.5 MB/s, Time = 0.00368 s, Size = 25243648 bytes, NumDevsUsed = 1
bandwidthTest-D2H-Pinned, Bandwidth = 6537.5 MB/s, Time = 0.00399 s, Size = 27340800 bytes, NumDevsUsed = 1
bandwidthTest-D2H-Pinned, Bandwidth = 6548.6 MB/s, Time = 0.00429 s, Size = 29437952 bytes, NumDevsUsed = 1
bandwidthTest-D2H-Pinned, Bandwidth = 6547.8 MB/s, Time = 0.00459 s, Size = 31535104 bytes, NumDevsUsed = 1
bandwidthTest-D2H-Pinned, Bandwidth = 6548.4 MB/s, Time = 0.00490 s, Size = 33632256 bytes, NumDevsUsed = 1
bandwidthTest-D2H-Pinned, Bandwidth = 6548.0 MB/s, Time = 0.00551 s, Size = 37826560 bytes, NumDevsUsed = 1
bandwidthTest-D2H-Pinned, Bandwidth = 6549.1 MB/s, Time = 0.00612 s, Size = 42020864 bytes, NumDevsUsed = 1
bandwidthTest-D2H-Pinned, Bandwidth = 6547.0 MB/s, Time = 0.00673 s, Size = 46215168 bytes, NumDevsUsed = 1
bandwidthTest-D2H-Pinned, Bandwidth = 6534.6 MB/s, Time = 0.00736 s, Size = 50409472 bytes, NumDevsUsed = 1
bandwidthTest-D2H-Pinned, Bandwidth = 6542.2 MB/s, Time = 0.00796 s, Size = 54603776 bytes, NumDevsUsed = 1
bandwidthTest-D2H-Pinned, Bandwidth = 6525.8 MB/s, Time = 0.00859 s, Size = 58798080 bytes, NumDevsUsed = 1
bandwidthTest-D2H-Pinned, Bandwidth = 6544.1 MB/s, Time = 0.00918 s, Size = 62992384 bytes, NumDevsUsed = 1
bandwidthTest-D2H-Pinned, Bandwidth = 6542.4 MB/s, Time = 0.00979 s, Size = 67186688 bytes, NumDevsUsed = 1
.................................................................................
bandwidthTest-D2D, Bandwidth = 441.7 MB/s, Time = 0.00000 s, Size = 1024 bytes, NumDevsUsed = 1
bandwidthTest-D2D, Bandwidth = 882.0 MB/s, Time = 0.00000 s, Size = 2048 bytes, NumDevsUsed = 1
bandwidthTest-D2D, Bandwidth = 1323.2 MB/s, Time = 0.00000 s, Size = 3072 bytes, NumDevsUsed = 1
bandwidthTest-D2D, Bandwidth = 1757.6 MB/s, Time = 0.00000 s, Size = 4096 bytes, NumDevsUsed = 1
bandwidthTest-D2D, Bandwidth = 2205.8 MB/s, Time = 0.00000 s, Size = 5120 bytes, NumDevsUsed = 1
bandwidthTest-D2D, Bandwidth = 2633.4 MB/s, Time = 0.00000 s, Size = 6144 bytes, NumDevsUsed = 1
bandwidthTest-D2D, Bandwidth = 3080.3 MB/s, Time = 0.00000 s, Size = 7168 bytes, NumDevsUsed = 1
bandwidthTest-D2D, Bandwidth = 3519.6 MB/s, Time = 0.00000 s, Size = 8192 bytes, NumDevsUsed = 1
bandwidthTest-D2D, Bandwidth = 3949.3 MB/s, Time = 0.00000 s, Size = 9216 bytes, NumDevsUsed = 1
bandwidthTest-D2D, Bandwidth = 4400.8 MB/s, Time = 0.00000 s, Size = 10240 bytes, NumDevsUsed = 1
bandwidthTest-D2D, Bandwidth = 4950.3 MB/s, Time = 0.00000 s, Size = 11264 bytes, NumDevsUsed = 1
bandwidthTest-D2D, Bandwidth = 5430.8 MB/s, Time = 0.00000 s, Size = 12288 bytes, NumDevsUsed = 1
bandwidthTest-D2D, Bandwidth = 5892.4 MB/s, Time = 0.00000 s, Size = 13312 bytes, NumDevsUsed = 1
bandwidthTest-D2D, Bandwidth = 6250.9 MB/s, Time = 0.00000 s, Size = 14336 bytes, NumDevsUsed = 1
bandwidthTest-D2D, Bandwidth = 6675.0 MB/s, Time = 0.00000 s, Size = 15360 bytes, NumDevsUsed = 1
bandwidthTest-D2D, Bandwidth = 7134.7 MB/s, Time = 0.00000 s, Size = 16384 bytes, NumDevsUsed = 1
bandwidthTest-D2D, Bandwidth = 7556.9 MB/s, Time = 0.00000 s, Size = 17408 bytes, NumDevsUsed = 1
bandwidthTest-D2D, Bandwidth = 8022.5 MB/s, Time = 0.00000 s, Size = 18432 bytes, NumDevsUsed = 1
bandwidthTest-D2D, Bandwidth = 8464.6 MB/s, Time = 0.00000 s, Size = 19456 bytes, NumDevsUsed = 1
bandwidthTest-D2D, Bandwidth = 8896.8 MB/s, Time = 0.00000 s, Size = 20480 bytes, NumDevsUsed = 1
bandwidthTest-D2D, Bandwidth = 9771.2 MB/s, Time = 0.00000 s, Size = 22528 bytes, NumDevsUsed = 1
bandwidthTest-D2D, Bandwidth = 10686.0 MB/s, Time = 0.00000 s, Size = 24576 bytes, NumDevsUsed = 1
bandwidthTest-D2D, Bandwidth = 11542.0 MB/s, Time = 0.00000 s, Size = 26624 bytes, NumDevsUsed = 1
bandwidthTest-D2D, Bandwidth = 12260.1 MB/s, Time = 0.00000 s, Size = 28672 bytes, NumDevsUsed = 1
bandwidthTest-D2D, Bandwidth = 13139.5 MB/s, Time = 0.00000 s, Size = 30720 bytes, NumDevsUsed = 1
bandwidthTest-D2D, Bandwidth = 13978.2 MB/s, Time = 0.00000 s, Size = 32768 bytes, NumDevsUsed = 1
bandwidthTest-D2D, Bandwidth = 14853.9 MB/s, Time = 0.00000 s, Size = 34816 bytes, NumDevsUsed = 1
bandwidthTest-D2D, Bandwidth = 15682.7 MB/s, Time = 0.00000 s, Size = 36864 bytes, NumDevsUsed = 1
bandwidthTest-D2D, Bandwidth = 16528.6 MB/s, Time = 0.00000 s, Size = 38912 bytes, NumDevsUsed = 1
bandwidthTest-D2D, Bandwidth = 17260.4 MB/s, Time = 0.00000 s, Size = 40960 bytes, NumDevsUsed = 1
bandwidthTest-D2D, Bandwidth = 18102.2 MB/s, Time = 0.00000 s, Size = 43008 bytes, NumDevsUsed = 1
bandwidthTest-D2D, Bandwidth = 18927.7 MB/s, Time = 0.00000 s, Size = 45056 bytes, NumDevsUsed = 1
bandwidthTest-D2D, Bandwidth = 19775.8 MB/s, Time = 0.00000 s, Size = 47104 bytes, NumDevsUsed = 1
bandwidthTest-D2D, Bandwidth = 20625.6 MB/s, Time = 0.00000 s, Size = 49152 bytes, NumDevsUsed = 1
bandwidthTest-D2D, Bandwidth = 21522.0 MB/s, Time = 0.00000 s, Size = 51200 bytes, NumDevsUsed = 1
bandwidthTest-D2D, Bandwidth = 25385.9 MB/s, Time = 0.00000 s, Size = 61440 bytes, NumDevsUsed = 1
bandwidthTest-D2D, Bandwidth = 29124.0 MB/s, Time = 0.00000 s, Size = 71680 bytes, NumDevsUsed = 1
bandwidthTest-D2D, Bandwidth = 32875.3 MB/s, Time = 0.00000 s, Size = 81920 bytes, NumDevsUsed = 1
bandwidthTest-D2D, Bandwidth = 36878.0 MB/s, Time = 0.00000 s, Size = 92160 bytes, NumDevsUsed = 1
bandwidthTest-D2D, Bandwidth = 40558.1 MB/s, Time = 0.00000 s, Size = 102400 bytes, NumDevsUsed = 1
bandwidthTest-D2D, Bandwidth = 69700.0 MB/s, Time = 0.00000 s, Size = 204800 bytes, NumDevsUsed = 1
bandwidthTest-D2D, Bandwidth = 91853.2 MB/s, Time = 0.00000 s, Size = 307200 bytes, NumDevsUsed = 1
bandwidthTest-D2D, Bandwidth = 109208.5 MB/s, Time = 0.00000 s, Size = 409600 bytes, NumDevsUsed = 1
bandwidthTest-D2D, Bandwidth = 121751.7 MB/s, Time = 0.00000 s, Size = 512000 bytes, NumDevsUsed = 1
bandwidthTest-D2D, Bandwidth = 122573.1 MB/s, Time = 0.00000 s, Size = 614400 bytes, NumDevsUsed = 1
bandwidthTest-D2D, Bandwidth = 105350.6 MB/s, Time = 0.00001 s, Size = 716800 bytes, NumDevsUsed = 1
bandwidthTest-D2D, Bandwidth = 99520.3 MB/s, Time = 0.00001 s, Size = 819200 bytes, NumDevsUsed = 1
bandwidthTest-D2D, Bandwidth = 103315.3 MB/s, Time = 0.00001 s, Size = 921600 bytes, NumDevsUsed = 1
bandwidthTest-D2D, Bandwidth = 105932.2 MB/s, Time = 0.00001 s, Size = 1024000 bytes, NumDevsUsed = 1
bandwidthTest-D2D, Bandwidth = 111612.6 MB/s, Time = 0.00001 s, Size = 1126400 bytes, NumDevsUsed = 1
bandwidthTest-D2D, Bandwidth = 125485.6 MB/s, Time = 0.00002 s, Size = 2174976 bytes, NumDevsUsed = 1
bandwidthTest-D2D, Bandwidth = 133414.2 MB/s, Time = 0.00002 s, Size = 3223552 bytes, NumDevsUsed = 1
bandwidthTest-D2D, Bandwidth = 136632.8 MB/s, Time = 0.00003 s, Size = 4272128 bytes, NumDevsUsed = 1
bandwidthTest-D2D, Bandwidth = 138963.8 MB/s, Time = 0.00004 s, Size = 5320704 bytes, NumDevsUsed = 1
bandwidthTest-D2D, Bandwidth = 140330.3 MB/s, Time = 0.00004 s, Size = 6369280 bytes, NumDevsUsed = 1
bandwidthTest-D2D, Bandwidth = 141707.1 MB/s, Time = 0.00005 s, Size = 7417856 bytes, NumDevsUsed = 1
bandwidthTest-D2D, Bandwidth = 142889.9 MB/s, Time = 0.00006 s, Size = 8466432 bytes, NumDevsUsed = 1
bandwidthTest-D2D, Bandwidth = 142881.4 MB/s, Time = 0.00006 s, Size = 9515008 bytes, NumDevsUsed = 1
bandwidthTest-D2D, Bandwidth = 143883.4 MB/s, Time = 0.00007 s, Size = 10563584 bytes, NumDevsUsed = 1
bandwidthTest-D2D, Bandwidth = 143838.0 MB/s, Time = 0.00008 s, Size = 11612160 bytes, NumDevsUsed = 1
bandwidthTest-D2D, Bandwidth = 144979.9 MB/s, Time = 0.00008 s, Size = 12660736 bytes, NumDevsUsed = 1
bandwidthTest-D2D, Bandwidth = 144776.0 MB/s, Time = 0.00009 s, Size = 13709312 bytes, NumDevsUsed = 1
bandwidthTest-D2D, Bandwidth = 145154.4 MB/s, Time = 0.00010 s, Size = 14757888 bytes, NumDevsUsed = 1
bandwidthTest-D2D, Bandwidth = 145098.5 MB/s, Time = 0.00010 s, Size = 15806464 bytes, NumDevsUsed = 1
bandwidthTest-D2D, Bandwidth = 145441.3 MB/s, Time = 0.00011 s, Size = 16855040 bytes, NumDevsUsed = 1
bandwidthTest-D2D, Bandwidth = 146280.9 MB/s, Time = 0.00012 s, Size = 18952192 bytes, NumDevsUsed = 1
bandwidthTest-D2D, Bandwidth = 146420.8 MB/s, Time = 0.00014 s, Size = 21049344 bytes, NumDevsUsed = 1
bandwidthTest-D2D, Bandwidth = 146596.6 MB/s, Time = 0.00015 s, Size = 23146496 bytes, NumDevsUsed = 1
bandwidthTest-D2D, Bandwidth = 146602.4 MB/s, Time = 0.00016 s, Size = 25243648 bytes, NumDevsUsed = 1
bandwidthTest-D2D, Bandwidth = 146977.4 MB/s, Time = 0.00018 s, Size = 27340800 bytes, NumDevsUsed = 1
bandwidthTest-D2D, Bandwidth = 147224.8 MB/s, Time = 0.00019 s, Size = 29437952 bytes, NumDevsUsed = 1
bandwidthTest-D2D, Bandwidth = 146941.8 MB/s, Time = 0.00020 s, Size = 31535104 bytes, NumDevsUsed = 1
bandwidthTest-D2D, Bandwidth = 147193.5 MB/s, Time = 0.00022 s, Size = 33632256 bytes, NumDevsUsed = 1
bandwidthTest-D2D, Bandwidth = 147422.6 MB/s, Time = 0.00024 s, Size = 37826560 bytes, NumDevsUsed = 1
bandwidthTest-D2D, Bandwidth = 147598.1 MB/s, Time = 0.00027 s, Size = 42020864 bytes, NumDevsUsed = 1
bandwidthTest-D2D, Bandwidth = 147564.0 MB/s, Time = 0.00030 s, Size = 46215168 bytes, NumDevsUsed = 1
bandwidthTest-D2D, Bandwidth = 147817.9 MB/s, Time = 0.00033 s, Size = 50409472 bytes, NumDevsUsed = 1
bandwidthTest-D2D, Bandwidth = 147886.1 MB/s, Time = 0.00035 s, Size = 54603776 bytes, NumDevsUsed = 1
bandwidthTest-D2D, Bandwidth = 147877.4 MB/s, Time = 0.00038 s, Size = 58798080 bytes, NumDevsUsed = 1
bandwidthTest-D2D, Bandwidth = 147968.8 MB/s, Time = 0.00041 s, Size = 62992384 bytes, NumDevsUsed = 1
bandwidthTest-D2D, Bandwidth = 147850.1 MB/s, Time = 0.00043 s, Size = 67186688 bytes, NumDevsUsed = 1
Result = PASS

NOTE: The CUDA Samples are not meant for performance measurements. Results may vary when GPU Boost is enabled.
