Using CUDA device Tesla K20m
Driver: 8000
function,num_times,n_elements,sizeof,max_mbytes_per_sec,min_runtime,max_runtime,avg_runtime
Copy,100,33554432,8,152212,0.00352713,0.00354357,0.00353609,
Mul,100,33554432,8,152026,0.00353144,0.00354848,0.00354003,
Add,100,33554432,8,150275,0.00535889,0.00538235,0.00537029,
Triad,100,33554432,8,150272,0.00535899,0.0053795,0.00536942,
Dot,100,33554432,8,144512,0.00371507,0.00376136,0.00373652,
