# OSU MPI Bandwidth Test v5.3.2
# Size      Bandwidth (MB/s)
2097152             11923.92
4194304             11952.24
